
> glamour-by-aria@0.1.0 build
> next build

Γû▓ Next.js 16.1.6 (Turbopack)

  Creating an optimized production build ...
Γ£ô Compiled successfully in 26.5s
  Running TypeScript ...
  Collecting page data using 3 workers ...
  Generating static pages using 3 workers (0/4) ...
  Generating static pages using 3 workers (1/4) 
  Generating static pages using 3 workers (2/4) 
  Generating static pages using 3 workers (3/4) 
Γ£ô Generating static pages using 3 workers (4/4) in 2.2s
  Finalizing page optimization ...

Route (app)
Γöî Γùï /
Γöö Γùï /_not-found


Γùï  (Static)  prerendered as static content

